// Jest Snapshot v1, https://goo.gl/fbAQLP

exports[`AddProjectInfo.vue renders edit props when passed 1`] = `
<v-card-stub
  class="mx-auto"
  loaderheight="4"
  style="max-width: 80%;"
  tag="div"
>
  <v-card-stub
    class="mx-auto"
    loaderheight="4"
    tag="div"
  >
    <v-app-bar-stub
      class="bc-subtitle"
      dark="true"
      extensionheight="48"
      src=""
      tag="header"
      tile="true"
      value="true"
    >
      <v-btn-stub
        activeclass=""
        aria-label="Back Button"
        icon="true"
        tag="button"
        type="button"
      >
        <v-icon-stub>
          mdi-arrow-left
        </v-icon-stub>
      </v-btn-stub>
       
      <v-toolbar-title-stub>
        
      </v-toolbar-title-stub>
       
      <v-spacer-stub />
    </v-app-bar-stub>
     
    <v-form-stub>
      <v-container-stub
        tag="div"
      >
        <v-row-stub
          dense="true"
          tag="div"
        >
          <v-col-stub
            cols="12"
            md="12"
            tag="div"
          >
            <v-card-stub
              class="pa-8 pt-6 ma-3"
              loaderheight="4"
              tag="div"
            >
              <v-card-title-stub
                class="headline bc-padding-left-0"
              >
                
              </v-card-title-stub>
               
              <v-card-subtitle-stub
                class="text-left bc-padding-left-0"
              />
               
              <v-card-subtitle-stub
                class="font-weight-bold text-left bc-padding-left-0"
              >
                
              </v-card-subtitle-stub>
               
              <input-stub
                counter="100"
                label=""
                outlined="true"
                rules="v => !!v || 'This field is required',v => (v || '').length >= len || 'Invalid character length, required ' + len,v => (v || '').length <= len || 'Invalid character length, max length ' + len"
                type="text"
                value=""
              />
               
              <input-stub
                counter="100"
                label=""
                outlined="true"
                rules="v => !!v || 'This field is required',v => (v || '').length >= len || 'Invalid character length, required ' + len,v => (v || '').length <= len || 'Invalid character length, max length ' + len"
                type="text"
                value=""
              />
               
              <textarea-stub
                counter=""
                label=""
                outlined=""
                rules="v => !!v || 'This field is required'"
                type="text"
                value=""
              />
            </v-card-stub>
          </v-col-stub>
           
          <v-col-stub
            cols="12"
            tag="div"
          >
            <v-card-stub
              class="pa-8 pt-6 ma-3"
              loaderheight="4"
              tag="div"
            >
              <v-card-title-stub
                class="headline bc-padding-left-0"
              >
                
              </v-card-title-stub>
               
              <v-card-subtitle-stub
                class="text-left bc-padding-left-0"
              >
                
              </v-card-subtitle-stub>
               
              <v-radio-group-stub
                activeclass="v-item--active"
                backgroundcolor=""
                color="black"
                column="true"
                errorcount="1"
                errormessages=""
                height="auto"
                messages=""
                row="true"
                rules=""
                successmessages=""
                value="1"
                valuecomparator="function deepEqual(a, b) {
  if (a === b) return true;

  if (a instanceof Date && b instanceof Date) {
    // If the values are Date, they were convert to timestamp with getTime and compare it
    if (a.getTime() !== b.getTime()) return false;
  }

  if (a !== Object(a) || b !== Object(b)) {
    // If the values aren't objects, they were already checked for equality
    return false;
  }

  var props = Object.keys(a);

  if (props.length !== Object.keys(b).length) {
    // Different number of props, don't bother to check
    return false;
  }

  return props.every(function (p) {
    return deepEqual(a[p], b[p]);
  });
}"
              >
                <span
                  class="mr-2"
                >
                  
                </span>
                 
                <v-radio-stub
                  class="black-color"
                  officon="$radioOff"
                  onicon="$radioOn"
                  ripple="true"
                  value="1"
                />
                 
                <v-radio-stub
                  label="Manager"
                  officon="$radioOff"
                  onicon="$radioOn"
                  ripple="true"
                  value="2"
                />
                 
                <v-radio-stub
                  officon="$radioOff"
                  onicon="$radioOn"
                  ripple="true"
                  value="3"
                />
              </v-radio-group-stub>
            </v-card-stub>
          </v-col-stub>
           
          <v-col-stub
            cols="12"
            sm="6"
            tag="div"
          >
            <projectusers-stub
              rules="[object Object]"
              title=""
              userdetails="[object Object]"
            />
          </v-col-stub>
           
          <v-col-stub
            cols="12"
            sm="6"
            tag="div"
          >
            <projectusers-stub
              rules="[object Object]"
              title=""
              userdetails="[object Object]"
            />
          </v-col-stub>
           
          <!---->
           
          <v-col-stub
            cols="12"
            tag="div"
          >
            <v-card-stub
              flat="true"
              loaderheight="4"
              tag="div"
            >
              <v-divider-stub />
               
              <v-card-actions-stub>
                <v-spacer-stub />
                 
                <!---->
                 
                <button-stub
                  class="white--text submit-project"
                  color="indigo accent-4"
                  depressed=""
                  disabled="true"
                  name="button"
                  type="button"
                >
                  
                </button-stub>
              </v-card-actions-stub>
            </v-card-stub>
          </v-col-stub>
        </v-row-stub>
      </v-container-stub>
    </v-form-stub>
  </v-card-stub>
</v-card-stub>
`;

exports[`AddProjectInfo.vue renders props when passed 1`] = `
<v-card-stub
  class="mx-auto"
  loaderheight="4"
  style="max-width: 80%;"
  tag="div"
>
  <v-card-stub
    class="mx-auto"
    loaderheight="4"
    tag="div"
  >
    <v-app-bar-stub
      class="bc-subtitle"
      dark="true"
      extensionheight="48"
      src=""
      tag="header"
      tile="true"
      value="true"
    >
      <v-btn-stub
        activeclass=""
        aria-label="Back Button"
        icon="true"
        tag="button"
        type="button"
      >
        <v-icon-stub>
          mdi-arrow-left
        </v-icon-stub>
      </v-btn-stub>
       
      <v-toolbar-title-stub>
        
      </v-toolbar-title-stub>
       
      <v-spacer-stub />
    </v-app-bar-stub>
     
    <v-form-stub>
      <v-container-stub
        tag="div"
      >
        <v-row-stub
          dense="true"
          tag="div"
        >
          <v-col-stub
            cols="12"
            md="12"
            tag="div"
          >
            <v-card-stub
              class="pa-8 pt-6 ma-3"
              loaderheight="4"
              tag="div"
            >
              <v-card-title-stub
                class="headline bc-padding-left-0"
              >
                
              </v-card-title-stub>
               
              <v-card-subtitle-stub
                class="text-left bc-padding-left-0"
              />
               
              <v-card-subtitle-stub
                class="font-weight-bold text-left bc-padding-left-0"
              >
                
              </v-card-subtitle-stub>
               
              <input-stub
                counter="100"
                label=""
                outlined="true"
                rules="v => !!v || 'This field is required',v => (v || '').length >= len || 'Invalid character length, required ' + len,v => (v || '').length <= len || 'Invalid character length, max length ' + len"
                type="text"
                value=""
              />
               
              <input-stub
                counter="100"
                label=""
                outlined="true"
                rules="v => !!v || 'This field is required',v => (v || '').length >= len || 'Invalid character length, required ' + len,v => (v || '').length <= len || 'Invalid character length, max length ' + len"
                type="text"
                value=""
              />
               
              <textarea-stub
                counter=""
                label=""
                outlined=""
                rules="v => !!v || 'This field is required'"
                type="text"
                value=""
              />
            </v-card-stub>
          </v-col-stub>
           
          <v-col-stub
            cols="12"
            tag="div"
          >
            <v-card-stub
              class="pa-8 pt-6 ma-3"
              loaderheight="4"
              tag="div"
            >
              <v-card-title-stub
                class="headline bc-padding-left-0"
              >
                
              </v-card-title-stub>
               
              <v-card-subtitle-stub
                class="text-left bc-padding-left-0"
              >
                
              </v-card-subtitle-stub>
               
              <v-radio-group-stub
                activeclass="v-item--active"
                backgroundcolor=""
                color="black"
                column="true"
                errorcount="1"
                errormessages=""
                height="auto"
                messages=""
                row="true"
                rules=""
                successmessages=""
                value="1"
                valuecomparator="function deepEqual(a, b) {
  if (a === b) return true;

  if (a instanceof Date && b instanceof Date) {
    // If the values are Date, they were convert to timestamp with getTime and compare it
    if (a.getTime() !== b.getTime()) return false;
  }

  if (a !== Object(a) || b !== Object(b)) {
    // If the values aren't objects, they were already checked for equality
    return false;
  }

  var props = Object.keys(a);

  if (props.length !== Object.keys(b).length) {
    // Different number of props, don't bother to check
    return false;
  }

  return props.every(function (p) {
    return deepEqual(a[p], b[p]);
  });
}"
              >
                <span
                  class="mr-2"
                >
                  
                </span>
                 
                <v-radio-stub
                  class="black-color"
                  officon="$radioOff"
                  onicon="$radioOn"
                  ripple="true"
                  value="1"
                />
                 
                <v-radio-stub
                  label="Manager"
                  officon="$radioOff"
                  onicon="$radioOn"
                  ripple="true"
                  value="2"
                />
                 
                <v-radio-stub
                  officon="$radioOff"
                  onicon="$radioOn"
                  ripple="true"
                  value="3"
                />
              </v-radio-group-stub>
            </v-card-stub>
          </v-col-stub>
           
          <v-col-stub
            cols="12"
            sm="6"
            tag="div"
          >
            <projectusers-stub
              rules="[object Object]"
              title=""
              userdetails="[object Object]"
            />
          </v-col-stub>
           
          <v-col-stub
            cols="12"
            sm="6"
            tag="div"
          >
            <projectusers-stub
              rules="[object Object]"
              title=""
              userdetails="[object Object]"
            />
          </v-col-stub>
           
          <!---->
           
          <v-col-stub
            cols="12"
            tag="div"
          >
            <v-card-stub
              flat="true"
              loaderheight="4"
              tag="div"
            >
              <v-divider-stub />
               
              <v-card-actions-stub>
                <v-spacer-stub />
                 
                <button-stub
                  aria-label="Back Button"
                  name="button"
                  secondary=""
                  type="button"
                >
                  
                </button-stub>
                 
                <button-stub
                  class="white--text submit-project"
                  color="indigo accent-4"
                  depressed=""
                  disabled="true"
                  name="button"
                  type="button"
                >
                  
                </button-stub>
              </v-card-actions-stub>
            </v-card-stub>
          </v-col-stub>
        </v-row-stub>
      </v-container-stub>
    </v-form-stub>
  </v-card-stub>
</v-card-stub>
`;
